
> soutra-transport@0.1.0 build
> next build

node.exe : ÔÜá `eslint` 
configuration in 
next.config.mjs is no 
longer supported. See 
more info here: https://ne
xtjs.org/docs/app/api-refe
rence/cli/next#next-lint-o
ptions
Au caractère Ligne:1 : 1
+ & "C:\Program 
Files\nodejs/node.exe" 
"C:\Program 
Files\nodejs/node_mo ...
+ ~~~~~~~~~~~~~~~~~~~~~~~~
~~~~~~~~~~~~~~~~~~~~~~~~~~
~~~~~~~~~~~~~~~~~~~
    + CategoryInfo        
      : NotSpecified: (Ô  
  Üá `eslint` co...xt-l   
 int-options:String) [    
], RemoteException
    + FullyQualifiedError 
   Id : NativeCommandErr  
  or
 
ÔÜá Invalid 
next.config.mjs options 
detected: 
ÔÜá     Unrecognized 
key(s) in object: 'eslint'
ÔÜá See more info here: ht
tps://nextjs.org/docs/mess
ages/invalid-next-config
Ôû▓ Next.js 16.2.2 (Turbopack)
- Environments: .env.local

  Creating an optimized production build ...
Ô£ô Compiled successfully in 18.0s
  Skipping validation of types
  Finished TypeScript config validation in 50ms ...
  Collecting page data using 3 workers ...
  Generating static pages using 3 workers (0/23) ...
  Generating static pages using 3 workers (5/23) 
  Generating static pages using 3 workers (11/23) 
  Generating static pages using 3 workers (17/23) 
Ô£ô Generating static pages using 3 workers (23/23) in 3.5s
  Finalizing page optimization ...

Route (app)
Ôöî Ôùï /
Ôö£ Ôùï /_not-found
Ôö£ ãÆ /api/auth/license
Ôö£ ãÆ /api/auth/register
Ôö£ ãÆ /api/bookings
Ôö£ ãÆ /api/notifications/whatsapp
Ôö£ ãÆ /api/superadmin
Ôö£ ãÆ /dashboard
Ôö£ Ôùï /dashboard/cash
Ôö£ Ôùï /dashboard/drivers
Ôö£ Ôùï /dashboard/fleet
Ôö£ Ôùï /dashboard/pos
Ôö£ Ôùï /dashboard/reports/daily
Ôö£ Ôùï /dashboard/reservations
Ôö£ Ôùï /dashboard/settings
Ôö£ Ôùï /dashboard/subscribers
Ôö£ Ôùï /login
Ôö£ Ôùï /register
Ôö£ Ôùï /superadmin
Ôö£ Ôùï /superadmin/companies
Ôö£ Ôùï /superadmin/licenses
Ôöö ãÆ /verify/[id]


Ôùï  (Static)   prerendered as static content
ãÆ  (Dynamic)  server-rendered on demand

